<html>
<body>
<pre>
<h1>礦ision Build Log</h1>
<h2>Tool Versions:</h2>
IDE-Version: μVision V5.18.0.0
Copyright (C) 2016 ARM Ltd and ARM Germany GmbH. All rights reserved.
License Information: zju Microsoft, Microsoft, LIC=SDA0P-MVJGD-JJX6S-LPZIL-I0FQ0-2UNN9
 
Tool Versions:
Toolchain:       MDK-ARM Standard  Version: 5.18
Toolchain Path:  G:\0-Embeded\KEIL\Keil_v5.1\ARM\ARMCC\Bin
C Compiler:      Armcc.exe V5.06 update 1 (build 61)
Assembler:       Armasm.exe V5.06 update 1 (build 61)
Linker/Locator:  ArmLink.exe V5.06 update 1 (build 61)
Library Manager: ArmAr.exe V5.06 update 1 (build 61)
Hex Converter:   FromElf.exe V5.06 update 1 (build 61)
CPU DLL:         SARMCM3.DLL V5.18
Dialog DLL:      DCM.DLL V1.13.6.0
Target DLL:      Segger\JL2CM3.dll V2.99.18.0
Dialog DLL:      TCM.DLL V1.14.8.0
 
<h2>Project:</h2>
D:\10-Chip_learning\0-硬件\3-motor\电机控制项目\助力外骨骼控制\code\assistive_exso\Keil\rct6.uvprojx
Project File Date:  05/12/2021

<h2>Output:</h2>
*** Using Compiler 'V5.06 update 1 (build 61)', folder: 'G:\0-Embeded\KEIL\Keil_v5.1\ARM\ARMCC\Bin'
Build target 'Target 1'
compiling ECON_controller_I.c...
..\Core\1-Func\ECON_controller_I.c(56): warning:  #177-D: variable "dutyfactor" was declared but never referenced
  	float dutyfactor;
..\Core\1-Func\ECON_controller_I.c(57): warning:  #550-D: variable "isclk" was set but never used
  	uint8_t isclk;
..\Core\1-Func\ECON_controller_I.c: 2 warnings, 0 errors
compiling main.c...
linking...
Program Size: Code=23452 RO-data=1020 RW-data=472 ZI-data=3688  
".\Objects\rct6.axf" - 0 Error(s), 2 Warning(s).

<h2>Software Packages used:</h2>

Package Vendor: ARM
                http://www.keil.com/pack/ARM.CMSIS.4.5.0.pack
                ARM::CMSIS:CORE:4.3.0
                CMSIS (Cortex Microcontroller Software Interface Standard)
   * Component: CORE Version: 4.3.0

<h2>Collection of Component include folders:</h2>
  D:\10-Chip_learning\0-硬件\3-motor\电机控制项目\助力外骨骼控制\code\assistive_exso\Keil\RTE
  G:\0-Embeded\KEIL\Keil_v5.1\ARM\PACK\ARM\CMSIS\4.5.0\CMSIS\Include
  G:\0-Embeded\KEIL\Keil_v5.1\ARM\PACK\Keil\STM32F1xx_DFP\2.3.0\Device\Include

<h2>Collection of Component Files used:</h2>

   * Component: ARM::CMSIS:CORE:4.3.0
Build Time Elapsed:  00:00:02
</pre>
</body>
</html>
