<html>
<body>
<pre>
<h1>礦ision Build Log</h1>
<h2>Tool Versions:</h2>
IDE-Version: μVision V5.18.0.0
Copyright (C) 2016 ARM Ltd and ARM Germany GmbH. All rights reserved.
License Information: zju Microsoft, Microsoft, LIC=SDA0P-MVJGD-JJX6S-LPZIL-I0FQ0-2UNN9
 
Tool Versions:
Toolchain:       MDK-ARM Standard  Version: 5.18
Toolchain Path:  G:\0-Embeded\KEIL\Keil_v5.1\ARM\ARMCC\Bin
C Compiler:      Armcc.exe V5.06 update 1 (build 61)
Assembler:       Armasm.exe V5.06 update 1 (build 61)
Linker/Locator:  ArmLink.exe V5.06 update 1 (build 61)
Library Manager: ArmAr.exe V5.06 update 1 (build 61)
Hex Converter:   FromElf.exe V5.06 update 1 (build 61)
CPU DLL:         SARMCM3.DLL V5.18
Dialog DLL:      DCM.DLL V1.13.6.0
Target DLL:      Segger\JL2CM3.dll V2.99.18.0
Dialog DLL:      TCM.DLL V1.14.8.0
 
<h2>Project:</h2>
D:\10-Chip_learning\0-硬件\3-motor\电机控制项目\助力外骨骼控制\code\assistive_exso\Keil\rct6.uvprojx
Project File Date:  09/21/2020

<h2>Output:</h2>
*** Using Compiler 'V5.06 update 1 (build 61)', folder: 'G:\0-Embeded\KEIL\Keil_v5.1\ARM\ARMCC\Bin'
Build target 'Target 1'
compiling stm32f1xx_it.c...
compiling main.c...
compiling system_stm32f1xx.c...
assembling startup_stm32f103rctx.s...
compiling stm32f1xx_hal.c...
compiling stm32f1xx_hal_adc.c...
compiling stm32f1xx_hal_adc_ex.c...
compiling stm32f1xx_hal_cortex.c...
compiling stm32f1xx_hal_can.c...
compiling stm32f1xx_hal_crc.c...
compiling stm32f1xx_hal_exti.c...
compiling stm32f1xx_hal_dma.c...
compiling stm32f1xx_hal_flash.c...
compiling stm32f1xx_hal_flash_ex.c...
compiling stm32f1xx_hal_gpio.c...
compiling stm32f1xx_hal_gpio_ex.c...
compiling stm32f1xx_hal_i2c.c...
compiling stm32f1xx_hal_iwdg.c...
compiling stm32f1xx_hal_rcc_ex.c...
compiling stm32f1xx_hal_rcc.c...
compiling stm32f1xx_hal_pwr.c...
compiling stm32f1xx_hal_rtc_ex.c...
compiling stm32f1xx_hal_rtc.c...
compiling stm32f1xx_hal_spi.c...
compiling stm32f1xx_hal_tim_ex.c...
compiling stm32f1xx_hal_tim.c...
compiling stm32f1xx_hal_uart.c...
compiling stm32f1xx_hal_wwdg.c...
compiling BSP.c...
compiling conf_can.c...
compiling conf_global.c...
compiling conf_gpio.c...
compiling conf_Jlink.c...
compiling conf_spi.c...
compiling conf_rtc.c...
compiling conf_tim.c...
compiling conf_usart.c...
compiling ECON_controller_I.c...
compiling func_accelerate.c...
compiling func_BLE_HC05.c...
compiling debug.c...
compiling AO.c...
compiling func_beep.c...
compiling PO.c...
linking...
Program Size: Code=16048 RO-data=392 RW-data=5092 ZI-data=3204  
".\Objects\rct6.axf" - 0 Error(s), 0 Warning(s).

<h2>Software Packages used:</h2>

Package Vendor: ARM
                http://www.keil.com/pack/ARM.CMSIS.4.5.0.pack
                ARM::CMSIS:CORE:4.3.0
                CMSIS (Cortex Microcontroller Software Interface Standard)
   * Component: CORE Version: 4.3.0

<h2>Collection of Component include folders:</h2>
  D:\10-Chip_learning\0-硬件\3-motor\电机控制项目\助力外骨骼控制\code\assistive_exso\Keil\RTE
  G:\0-Embeded\KEIL\Keil_v5.1\ARM\PACK\ARM\CMSIS\4.5.0\CMSIS\Include
  G:\0-Embeded\KEIL\Keil_v5.1\ARM\PACK\Keil\STM32F1xx_DFP\2.3.0\Device\Include

<h2>Collection of Component Files used:</h2>

   * Component: ARM::CMSIS:CORE:4.3.0
Build Time Elapsed:  00:00:15
</pre>
</body>
</html>
